// Jest Snapshot v1, https://goo.gl/fbAQLP

exports[`renders  correctly 1`] = `
<View
  style={
    [
      {
        "alignItems": "center",
        "backgroundColor": "#FFFFFF",
        "flex": 1,
        "justifyContent": "center",
      },
      undefined,
    ]
  }
>
  <ActivityIndicator />
</View>
`;

exports[`renders correctly 1`] = `
<View
  style={
    [
      {
        "alignItems": "center",
        "backgroundColor": "#FFFFFF",
        "flex": 1,
        "justifyContent": "center",
      },
      undefined,
    ]
  }
>
  <ActivityIndicator />
</View>
`;
